[0m20:32:03.611605 [debug] [MainThread]: Sending event: {'category': 'dbt', 'action': 'invocation', 'label': 'start', 'context': [<snowplow_tracker.self_describing_json.SelfDescribingJson object at 0x70c4bc1992b0>, <snowplow_tracker.self_describing_json.SelfDescribingJson object at 0x70c4bae4bed0>, <snowplow_tracker.self_describing_json.SelfDescribingJson object at 0x70c4bae4bb10>]}


============================== 20:32:03.680064 | f1446927-25f8-4050-a7c2-df0d39428fad ==============================
[0m20:32:03.680064 [info ] [MainThread]: Running with dbt=1.12.4
[0m20:32:03.681255 [debug] [MainThread]: running dbt with arguments {'fail_fast': 'False', 'hints_enabled': 'True', 'log_format': 'default', 'use_colors': 'True', 'log_path': 'logs', 'empty': 'None', 'printer_width': '80', 'log_cache_events': 'False', 'version_check': 'True', 'partial_parse': 'True', 'write_json': 'True', 'debug': 'False', 'maximum_seed_size_mib': '1', 'send_anonymous_usage_stats': 'True', 'warn_error_options': 'WarnErrorOptionsV2(error=[], warn=[], silence=[])', 'indirect_selection': 'eager', 'use_experimental_parser': 'False', 'introspect': 'True', 'target_path': 'None', 'warn_error': 'None', 'profiles_dir': '/home/nikola/.dbt', 'invocation_command': 'dbt init --skip-profile-setup airbnb', 'no_print': 'None', 'cache_selected_only': 'False', 'static_parser': 'True', 'quiet': 'False'}
[0m20:32:03.900134 [info ] [MainThread]: Creating dbt configuration folder at /home/nikola/.dbt
[0m20:32:03.912741 [debug] [MainThread]: Starter project path: /home/nikola/Desktop/course/.venv/lib/python3.13/site-packages/dbt/include/starter_project
[0m20:32:03.920293 [info ] [MainThread]: Your new dbt project "airbnb" was created!
Initialized new project in /home/nikola/Desktop/course/airbnb/airbnb

For more information on how to configure the profiles.yml file,
please consult the dbt documentation here:

  https://docs.getdbt.com/docs/configure-your-profile

One more thing:

Need help? Don't hesitate to reach out to us via GitHub issues or on Slack:

  https://community.getdbt.com/

Happy modeling!

[0m20:32:03.921510 [debug] [MainThread]: Resource report: {"command_name": "init", "command_success": true, "command_wall_clock_time": 0.46151873, "process_in_blocks": "39928", "process_kernel_time": 0.202292, "process_mem_max_rss": "111532", "process_out_blocks": "784", "process_user_time": 2.634789}
[0m20:32:03.922250 [debug] [MainThread]: Command `dbt init` succeeded at 20:32:03.922064 after 0.46 seconds
[0m20:32:03.923052 [debug] [MainThread]: Sending event: {'category': 'dbt', 'action': 'invocation', 'label': 'end', 'context': [<snowplow_tracker.self_describing_json.SelfDescribingJson object at 0x70c4bac93ce0>, <snowplow_tracker.self_describing_json.SelfDescribingJson object at 0x70c4baeee450>, <snowplow_tracker.self_describing_json.SelfDescribingJson object at 0x70c4baca9e10>]}
[0m20:32:03.924070 [debug] [MainThread]: Flushing usage events
[0m20:32:04.794221 [debug] [MainThread]: An error was encountered while trying to flush usage events
[0m09:48:35.335296 [debug] [MainThread]: Sending event: {'category': 'dbt', 'action': 'invocation', 'label': 'start', 'context': [<snowplow_tracker.self_describing_json.SelfDescribingJson object at 0x7f9b2f87d2b0>, <snowplow_tracker.self_describing_json.SelfDescribingJson object at 0x7f9b2e573ed0>, <snowplow_tracker.self_describing_json.SelfDescribingJson object at 0x7f9b2e573c50>]}


============================== 09:48:35.367809 | d38ae827-a58e-4184-be7b-65b45f9554d9 ==============================
[0m09:48:35.367809 [info ] [MainThread]: Running with dbt=1.12.4
[0m09:48:35.368814 [debug] [MainThread]: running dbt with arguments {'maximum_seed_size_mib': '1', 'printer_width': '80', 'log_format': 'default', 'partial_parse': 'True', 'introspect': 'True', 'profiles_dir': '/home/nikola/.dbt', 'use_experimental_parser': 'False', 'send_anonymous_usage_stats': 'True', 'cache_selected_only': 'False', 'fail_fast': 'False', 'empty': 'False', 'use_colors': 'True', 'invocation_command': 'dbt run', 'warn_error': 'None', 'hints_enabled': 'True', 'warn_error_options': 'WarnErrorOptionsV2(error=[], warn=[], silence=[])', 'target_path': 'None', 'write_json': 'True', 'log_path': 'logs', 'no_print': 'None', 'static_parser': 'True', 'indirect_selection': 'eager', 'quiet': 'False', 'log_cache_events': 'False', 'version_check': 'True', 'debug': 'False'}
[0m09:48:35.369604 [error] [MainThread]: [[31mERROR[0m]: Encountered an error:
Runtime Error
  No dbt_project.yml found at expected path /home/nikola/Desktop/course/dbt_project.yml
  Verify that each entry within packages.yml (and their transitive dependencies) contains a file named dbt_project.yml
  
[0m09:48:35.370565 [debug] [MainThread]: Resource report: {"command_name": "run", "command_success": false, "command_wall_clock_time": 0.18522626, "process_in_blocks": "70344", "process_kernel_time": 0.289243, "process_mem_max_rss": "109196", "process_out_blocks": "16", "process_user_time": 2.73931}
[0m09:48:35.371288 [debug] [MainThread]: Command `dbt run` failed at 09:48:35.371133 after 0.19 seconds
[0m09:48:35.371813 [debug] [MainThread]: Sending event: {'category': 'dbt', 'action': 'invocation', 'label': 'end', 'context': [<snowplow_tracker.self_describing_json.SelfDescribingJson object at 0x7f9b2e392650>, <snowplow_tracker.self_describing_json.SelfDescribingJson object at 0x7f9b2e52a570>, <snowplow_tracker.self_describing_json.SelfDescribingJson object at 0x7f9b2e3b3ac0>]}
[0m09:48:35.372376 [debug] [MainThread]: Flushing usage events
[0m09:48:36.267381 [debug] [MainThread]: An error was encountered while trying to flush usage events
[0m16:04:13.651740 [debug] [MainThread]: Sending event: {'category': 'dbt', 'action': 'invocation', 'label': 'start', 'context': [<snowplow_tracker.self_describing_json.SelfDescribingJson object at 0x7e9f45f992b0>, <snowplow_tracker.self_describing_json.SelfDescribingJson object at 0x7e9f44a97ed0>, <snowplow_tracker.self_describing_json.SelfDescribingJson object at 0x7e9f44a97c50>]}


============================== 16:04:13.699282 | a9544454-3169-4925-81f8-ab5aa316edcc ==============================
[0m16:04:13.699282 [info ] [MainThread]: Running with dbt=1.12.4
[0m16:04:13.701649 [debug] [MainThread]: running dbt with arguments {'quiet': 'False', 'warn_error': 'None', 'send_anonymous_usage_stats': 'True', 'cache_selected_only': 'False', 'profiles_dir': '/home/nikola/.dbt', 'version_check': 'True', 'log_path': 'logs', 'no_print': 'None', 'log_cache_events': 'False', 'invocation_command': 'dbt seed', 'empty': 'False', 'debug': 'False', 'fail_fast': 'False', 'target_path': 'None', 'write_json': 'True', 'warn_error_options': 'WarnErrorOptionsV2(error=[], warn=[], silence=[])', 'use_experimental_parser': 'False', 'use_colors': 'True', 'hints_enabled': 'True', 'printer_width': '80', 'maximum_seed_size_mib': '1', 'indirect_selection': 'eager', 'log_format': 'default', 'static_parser': 'True', 'partial_parse': 'True', 'introspect': 'True'}
[0m16:04:13.703731 [error] [MainThread]: [[31mERROR[0m]: Encountered an error:
Runtime Error
  No dbt_project.yml found at expected path /home/nikola/Desktop/course/dbt_project.yml
  Verify that each entry within packages.yml (and their transitive dependencies) contains a file named dbt_project.yml
  
[0m16:04:13.706266 [debug] [MainThread]: Resource report: {"command_name": "seed", "command_success": false, "command_wall_clock_time": 0.2655349, "process_in_blocks": "69392", "process_kernel_time": 0.274386, "process_mem_max_rss": "109188", "process_out_blocks": "8", "process_user_time": 2.797943}
[0m16:04:13.709375 [debug] [MainThread]: Command `dbt seed` failed at 16:04:13.708705 after 0.27 seconds
[0m16:04:13.712052 [debug] [MainThread]: Sending event: {'category': 'dbt', 'action': 'invocation', 'label': 'end', 'context': [<snowplow_tracker.self_describing_json.SelfDescribingJson object at 0x7e9f44ab2650>, <snowplow_tracker.self_describing_json.SelfDescribingJson object at 0x7e9f44c4e570>, <snowplow_tracker.self_describing_json.SelfDescribingJson object at 0x7e9f44acfac0>]}
[0m16:04:13.715025 [debug] [MainThread]: Flushing usage events
[0m16:04:14.591936 [debug] [MainThread]: An error was encountered while trying to flush usage events
